// Jest Snapshot v1, https://goo.gl/fbAQLP

exports[`AddNewCardComponent should match snapshot 1`] = `
<DocumentFragment>
  <div
    class="add-new-card-container"
  >
    <button
      class="add-new-card-btn"
      data-testid="add-new-card-button"
    >
      <i
        class="fa fa-plus"
      />
    </button>
  </div>
</DocumentFragment>
`;
